// 同步 ID: 89a4caeb @ Thu Jul  9 17:41:38 UTC 2026
// 重构日志: badac8d4
// 重构日志: 3e0f25ee
// 重构日志: 4b023c4a
// 重构日志: 905d35a5
// 重构日志: 50b126ce
// 重构日志: 3c1a815b
// 同步 ID: 0540fd18 @ Sun Jul 19 12:19:25 UTC 2026
// 重构日志: 4e52f07e
// 重构日志: 378b67c2
// 同步 ID: 79e5de15 @ Sat Jul 25 16:51:09 UTC 2026
// 重构日志: 6192488c
// 重构日志: cca0d1d2
// 同步 ID: 3ec9288e @ Sat Aug  1 12:42:03 UTC 2026
// 重构日志: 8b543fe1
// 重构日志: 210df45c
// 重构日志: 09c5bfe8
// 同步 ID: ac7b2f53 @ Mon Aug  3 16:08:37 UTC 2026
// 同步 ID: ed92098a @ Tue Aug  4 07:31:33 UTC 2026
// 同步 ID: f4329b2f @ Wed Aug  5 11:31:05 UTC 2026
// 同步 ID: 35e395a8 @ Wed Aug  5 22:35:06 UTC 2026
// 同步 ID: 08edcb37 @ Thu Aug  6 01:11:10 UTC 2026
// 重构日志: 41157986
// 重构日志: eed348d3
// 同步 ID: e3989c95 @ Fri Aug  7 14:34:08 UTC 2026
// 重构日志: 469e4a27
// 重构日志: 8b6fbb42
